Перемещение на один коммит назад   -  ^    (пример: git checkout master^)
Перемещение на коммитов назад     -  ~<num> (пример: git checkout HEAD~3)
Сливает ту ветку в которой сейчас ты с веткой мастер и делает комит слитой ветки  -  git rebase master

Чтобы посмотреть все установленные настройки и узнать где именно они заданы, используйте команду:
$ git config --list --show-origin

После установки Git — указать ваше имя и адрес электронной почты.
$ git config --global user.name "John Doe"
$ git config --global user.email johndoe@example.com
Опять же, если указана опция --global, то эти настройки достаточно сделать только один раз, поскольку в этом случае Git будет использовать эти данные для всего, 
что вы делаете в этой системе. Если для каких-то отдельных проектов вы хотите указать другое имя или электронную почту, можно выполнить эту же команду без 
параметра --global в каталоге с нужным проектом

По умолчанию Git использует стандартный редактор вашей системы, которым обычно является Vim. Если вы хотите использовать другой текстовый редактор, например, 
Emacs, можно проделать следующее:
$ git config --global core.editor emacs

Настройка ветки по умолчанию
Когда вы инициализируете репозиторий командой git init, Git создаёт ветку с именем master по умолчанию. Начиная с версии 2.28, вы можете задать другое имя 
для создания ветки по умолчанию. Например, чтобы установить имя main для вашей ветки по умолчанию, выполните следующую команду:
$ git config --global init.defaultBranch main

Проверка настроек
Если вы хотите проверить используемую конфигурацию, можете использовать команду git config --list, чтобы показать все настройки, которые Git найдёт:

Ошибка
GitHub Error - "ssh: connect to host github.com port 22: Operation timed out fatal: Could not read from remote repository."
нужно
edit ~/.ssh/config and put this lines:
Host github.com
  Hostname ssh.github.com
  Port 443
  



